<?xml version="1.0" encoding="utf-8"?>
<TestRun id="bdfa7ed8-75d6-4d12-a78e-aa7a8c5f2f24" name="Administrator@IZ3H5BJSZD44YHZ 2026-09-18 23:47:17" runUser="IZ3H5BJSZD44YHZ\Administrator" xmlns="http://microsoft.com/schemas/VisualStudio/TeamTest/2010">
  <Times creation="2026-09-18T23:47:17.0330470+08:00" queuing="2026-09-18T23:47:17.0330472+08:00" start="2026-09-18T23:47:16.1041329+08:00" finish="2026-09-18T23:47:17.0400199+08:00" />
  <TestSettings name="default" id="ebcc581b-2479-448f-a001-675e5bd183b7">
    <Deployment runDeploymentRoot="Administrator_IZ3H5BJSZD44YHZ_2026-09-18_23_47_17" />
  </TestSettings>
  <Results>
    <UnitTestResult executionId="0d572921-9efa-4cc7-af68-13fc608784e2" testId="c5b0fb4c-22b4-69a3-fce3-222134b67f6a" testName="PhaseA.Platform.Tests.PhaseB.Repair.S54BoundaryTests.O_B21A2E1BF669" computerName="IZ3H5BJSZD44YHZ" duration="00:00:00.0855339" startTime="2026-09-18T23:47:16.9489216+08:00" endTime="2026-09-18T23:47:16.9489794+08:00" testType="13cdc9d9-ddb5-4fa4-a97d-d965ccfc6d4b" outcome="Failed" testListId="8c84fa94-04c1-424b-9868-57a2d4851a1d" relativeResultsDirectory="0d572921-9efa-4cc7-af68-13fc608784e2">
      <Output>
        <ErrorInfo>
          <Message>System.InvalidOperationException : StandardOut has not been redirected or the process hasn't started yet.</Message>
          <StackTrace>   at System.Diagnostics.Process.BeginOutputReadLine()&#xD;
   at PhaseA.Platform.Runs.HostedProcessRunner.RunAsync(HostedProcessCommand command, CancellationToken cancellationToken) in C:\jimuyun\PhaseA.Platform\Runs\HostedProcessRunner.cs:line 95&#xD;
   at PhaseA.Platform.Tests.PhaseB.Repair.S54BoundaryTests.O_B21A2E1BF669() in C:\jimuyun\PhaseA.Platform.Tests\PhaseB\Repair\S54BoundaryTests.cs:line 33&#xD;
--- End of stack trace from previous location ---</StackTrace>
        </ErrorInfo>
      </Output>
    </UnitTestResult>
  </Results>
  <TestDefinitions>
    <UnitTest name="PhaseA.Platform.Tests.PhaseB.Repair.S54BoundaryTests.O_B21A2E1BF669" storage="c:\jimuyun\phasea.platform.tests\bin\debug\net8.0\phasea.platform.tests.dll" id="c5b0fb4c-22b4-69a3-fce3-222134b67f6a">
      <Execution id="0d572921-9efa-4cc7-af68-13fc608784e2" />
      <TestMethod codeBase="C:\jimuyun\PhaseA.Platform.Tests\bin\Debug\net8.0\PhaseA.Platform.Tests.dll" adapterTypeName="executor://xunit/VsTestRunner2/netcoreapp" className="PhaseA.Platform.Tests.PhaseB.Repair.S54BoundaryTests" name="O_B21A2E1BF669" />
    </UnitTest>
  </TestDefinitions>
  <TestEntries>
    <TestEntry testId="c5b0fb4c-22b4-69a3-fce3-222134b67f6a" executionId="0d572921-9efa-4cc7-af68-13fc608784e2" testListId="8c84fa94-04c1-424b-9868-57a2d4851a1d" />
  </TestEntries>
  <TestLists>
    <TestList name="列表中未列出的结果" id="8c84fa94-04c1-424b-9868-57a2d4851a1d" />
    <TestList name="所有已加载的结果" id="19431567-8539-422a-85d7-44ee4e166bda" />
  </TestLists>
  <ResultSummary outcome="Failed">
    <Counters total="1" executed="1" passed="0" failed="1" error="0" timeout="0" aborted="0" inconclusive="0" passedButRunAborted="0" notRunnable="0" notExecuted="0" disconnected="0" warning="0" completed="0" inProgress="0" pending="0" />
    <Output>
      <StdOut>[xUnit.net 00:00:00.00] xUnit.net VSTest Adapter v2.5.7+8f2703126a (64-bit .NET 8.0.21)&#xD;
[xUnit.net 00:00:00.24]   Discovering: PhaseA.Platform.Tests&#xD;
[xUnit.net 00:00:00.38]   Discovered:  PhaseA.Platform.Tests&#xD;
[xUnit.net 00:00:00.38]   Starting:    PhaseA.Platform.Tests&#xD;
[xUnit.net 00:00:00.51]       System.InvalidOperationException : StandardOut has not been redirected or the process hasn't started yet.&#xD;
[xUnit.net 00:00:00.51]       Stack Trace:&#xD;
[xUnit.net 00:00:00.52]            at System.Diagnostics.Process.BeginOutputReadLine()&#xD;
[xUnit.net 00:00:00.52]         C:\jimuyun\PhaseA.Platform\Runs\HostedProcessRunner.cs(95,0): at PhaseA.Platform.Runs.HostedProcessRunner.RunAsync(HostedProcessCommand command, CancellationToken cancellationToken)&#xD;
[xUnit.net 00:00:00.52]         C:\jimuyun\PhaseA.Platform.Tests\PhaseB\Repair\S54BoundaryTests.cs(33,0): at PhaseA.Platform.Tests.PhaseB.Repair.S54BoundaryTests.O_B21A2E1BF669()&#xD;
[xUnit.net 00:00:00.52]         --- End of stack trace from previous location ---&#xD;
[xUnit.net 00:00:00.52]   Finished:    PhaseA.Platform.Tests&#xD;
</StdOut>
    </Output>
    <RunInfos>
      <RunInfo computerName="IZ3H5BJSZD44YHZ" outcome="Error" timestamp="2026-09-18T23:47:16.9468329+08:00">
        <Text>[xUnit.net 00:00:00.51]     PhaseA.Platform.Tests.PhaseB.Repair.S54BoundaryTests.O_B21A2E1BF669 [FAIL]</Text>
      </RunInfo>
    </RunInfos>
  </ResultSummary>
</TestRun>