<?xml version="1.0" encoding="utf-8"?>
<TestRun id="70d8b9f4-8b23-44ed-add3-a9d49113c819" name="Administrator@IZ3H5BJSZD44YHZ 2026-09-18 23:49:34" runUser="IZ3H5BJSZD44YHZ\Administrator" xmlns="http://microsoft.com/schemas/VisualStudio/TeamTest/2010">
  <Times creation="2026-09-18T23:49:34.6511355+08:00" queuing="2026-09-18T23:49:34.6511357+08:00" start="2026-09-18T23:49:33.4831583+08:00" finish="2026-09-18T23:49:34.6576832+08:00" />
  <TestSettings name="default" id="24a98b21-1bc3-4046-a78f-7af1e92e17e7">
    <Deployment runDeploymentRoot="Administrator_IZ3H5BJSZD44YHZ_2026-09-18_23_49_34" />
  </TestSettings>
  <Results>
    <UnitTestResult executionId="8c57cee3-26be-47d2-981e-06a2ce9f8b9f" testId="c5b0fb4c-22b4-69a3-fce3-222134b67f6a" testName="PhaseA.Platform.Tests.PhaseB.Repair.S54BoundaryTests.O_B21A2E1BF669" computerName="IZ3H5BJSZD44YHZ" duration="00:00:00.1236083" startTime="2026-09-18T23:49:34.5606102+08:00" endTime="2026-09-18T23:49:34.5606104+08:00" testType="13cdc9d9-ddb5-4fa4-a97d-d965ccfc6d4b" outcome="Passed" testListId="8c84fa94-04c1-424b-9868-57a2d4851a1d" relativeResultsDirectory="8c57cee3-26be-47d2-981e-06a2ce9f8b9f">
      <Output>
        <StdOut>S54_OBSERVATION:distinct-restricted-os-token=true</StdOut>
      </Output>
    </UnitTestResult>
    <UnitTestResult executionId="292817e8-d748-40bc-afa4-e39fe72bacbf" testId="860eaeec-a979-cf6d-e6bb-bef2ccb7d3be" testName="PhaseA.Platform.Tests.PhaseB.Repair.S54BoundaryTests.O_824_ACCOUNT_ROOT_ENUMERATION" computerName="IZ3H5BJSZD44YHZ" duration="00:00:00.0896592" startTime="2026-09-18T23:49:34.4367654+08:00" endTime="2026-09-18T23:49:34.4367656+08:00" testType="13cdc9d9-ddb5-4fa4-a97d-d965ccfc6d4b" outcome="Failed" testListId="8c84fa94-04c1-424b-9868-57a2d4851a1d" relativeResultsDirectory="292817e8-d748-40bc-afa4-e39fe72bacbf">
      <Output>
        <ErrorInfo>
          <Message>Assert.NotEqual() Failure: Values are equal&#xD;
Expected: Not 0&#xD;
Actual:       0</Message>
          <StackTrace>   at PhaseA.Platform.Tests.PhaseB.Repair.S54BoundaryTests.O_824_ACCOUNT_ROOT_ENUMERATION() in C:\jimuyun\PhaseA.Platform.Tests\PhaseB\Repair\S54BoundaryTests.cs:line 60&#xD;
--- End of stack trace from previous location ---</StackTrace>
        </ErrorInfo>
      </Output>
    </UnitTestResult>
    <UnitTestResult executionId="1dd20bed-79a7-4b37-bcda-ce2e05d641ae" testId="a28d80d7-22f0-d905-5f4c-1a9938bf000f" testName="PhaseA.Platform.Tests.PhaseB.Repair.S54BoundaryTests.O_C5E83411E41D" computerName="IZ3H5BJSZD44YHZ" duration="00:00:00.0810444" startTime="2026-09-18T23:49:34.3492739+08:00" endTime="2026-09-18T23:49:34.3492867+08:00" testType="13cdc9d9-ddb5-4fa4-a97d-d965ccfc6d4b" outcome="Failed" testListId="8c84fa94-04c1-424b-9868-57a2d4851a1d" relativeResultsDirectory="1dd20bed-79a7-4b37-bcda-ce2e05d641ae">
      <Output>
        <ErrorInfo>
          <Message>System.IO.FileNotFoundException : Could not find file 'C:\Users\Administrator\AppData\Local\Temp\1\phase-s54-94ab61aca43e43908110e931e2bb4632\account-a\project-a\owned.txt'.</Message>
          <StackTrace>   at Microsoft.Win32.SafeHandles.SafeFileHandle.CreateFile(String fullPath, FileMode mode, FileAccess access, FileShare share, FileOptions options)&#xD;
   at Microsoft.Win32.SafeHandles.SafeFileHandle.Open(String fullPath, FileMode mode, FileAccess access, FileShare share, FileOptions options, Int64 preallocationSize, Nullable`1 unixCreateMode)&#xD;
   at System.IO.Strategies.OSFileStreamStrategy..ctor(String path, FileMode mode, FileAccess access, FileShare share, FileOptions options, Int64 preallocationSize, Nullable`1 unixCreateMode)&#xD;
   at System.IO.Strategies.FileStreamHelpers.ChooseStrategyCore(String path, FileMode mode, FileAccess access, FileShare share, FileOptions options, Int64 preallocationSize, Nullable`1 unixCreateMode)&#xD;
   at System.IO.StreamReader.ValidateArgsAndOpenPath(String path, Encoding encoding, Int32 bufferSize)&#xD;
   at System.IO.File.ReadAllText(String path, Encoding encoding)&#xD;
   at PhaseA.Platform.Tests.PhaseB.Repair.S54BoundaryTests.O_C5E83411E41D() in C:\jimuyun\PhaseA.Platform.Tests\PhaseB\Repair\S54BoundaryTests.cs:line 47&#xD;
--- End of stack trace from previous location ---</StackTrace>
        </ErrorInfo>
      </Output>
    </UnitTestResult>
  </Results>
  <TestDefinitions>
    <UnitTest name="PhaseA.Platform.Tests.PhaseB.Repair.S54BoundaryTests.O_824_ACCOUNT_ROOT_ENUMERATION" storage="c:\jimuyun\phasea.platform.tests\bin\debug\net8.0\phasea.platform.tests.dll" id="860eaeec-a979-cf6d-e6bb-bef2ccb7d3be">
      <Execution id="292817e8-d748-40bc-afa4-e39fe72bacbf" />
      <TestMethod codeBase="C:\jimuyun\PhaseA.Platform.Tests\bin\Debug\net8.0\PhaseA.Platform.Tests.dll" adapterTypeName="executor://xunit/VsTestRunner2/netcoreapp" className="PhaseA.Platform.Tests.PhaseB.Repair.S54BoundaryTests" name="O_824_ACCOUNT_ROOT_ENUMERATION" />
    </UnitTest>
    <UnitTest name="PhaseA.Platform.Tests.PhaseB.Repair.S54BoundaryTests.O_B21A2E1BF669" storage="c:\jimuyun\phasea.platform.tests\bin\debug\net8.0\phasea.platform.tests.dll" id="c5b0fb4c-22b4-69a3-fce3-222134b67f6a">
      <Execution id="8c57cee3-26be-47d2-981e-06a2ce9f8b9f" />
      <TestMethod codeBase="C:\jimuyun\PhaseA.Platform.Tests\bin\Debug\net8.0\PhaseA.Platform.Tests.dll" adapterTypeName="executor://xunit/VsTestRunner2/netcoreapp" className="PhaseA.Platform.Tests.PhaseB.Repair.S54BoundaryTests" name="O_B21A2E1BF669" />
    </UnitTest>
    <UnitTest name="PhaseA.Platform.Tests.PhaseB.Repair.S54BoundaryTests.O_C5E83411E41D" storage="c:\jimuyun\phasea.platform.tests\bin\debug\net8.0\phasea.platform.tests.dll" id="a28d80d7-22f0-d905-5f4c-1a9938bf000f">
      <Execution id="1dd20bed-79a7-4b37-bcda-ce2e05d641ae" />
      <TestMethod codeBase="C:\jimuyun\PhaseA.Platform.Tests\bin\Debug\net8.0\PhaseA.Platform.Tests.dll" adapterTypeName="executor://xunit/VsTestRunner2/netcoreapp" className="PhaseA.Platform.Tests.PhaseB.Repair.S54BoundaryTests" name="O_C5E83411E41D" />
    </UnitTest>
  </TestDefinitions>
  <TestEntries>
    <TestEntry testId="c5b0fb4c-22b4-69a3-fce3-222134b67f6a" executionId="8c57cee3-26be-47d2-981e-06a2ce9f8b9f" testListId="8c84fa94-04c1-424b-9868-57a2d4851a1d" />
    <TestEntry testId="860eaeec-a979-cf6d-e6bb-bef2ccb7d3be" executionId="292817e8-d748-40bc-afa4-e39fe72bacbf" testListId="8c84fa94-04c1-424b-9868-57a2d4851a1d" />
    <TestEntry testId="a28d80d7-22f0-d905-5f4c-1a9938bf000f" executionId="1dd20bed-79a7-4b37-bcda-ce2e05d641ae" testListId="8c84fa94-04c1-424b-9868-57a2d4851a1d" />
  </TestEntries>
  <TestLists>
    <TestList name="列表中未列出的结果" id="8c84fa94-04c1-424b-9868-57a2d4851a1d" />
    <TestList name="所有已加载的结果" id="19431567-8539-422a-85d7-44ee4e166bda" />
  </TestLists>
  <ResultSummary outcome="Failed">
    <Counters total="3" executed="3" passed="1" failed="2" error="0" timeout="0" aborted="0" inconclusive="0" passedButRunAborted="0" notRunnable="0" notExecuted="0" disconnected="0" warning="0" completed="0" inProgress="0" pending="0" />
    <Output>
      <StdOut>[xUnit.net 00:00:00.00] xUnit.net VSTest Adapter v2.5.7+8f2703126a (64-bit .NET 8.0.21)&#xD;
[xUnit.net 00:00:00.26]   Discovering: PhaseA.Platform.Tests&#xD;
[xUnit.net 00:00:00.40]   Discovered:  PhaseA.Platform.Tests&#xD;
[xUnit.net 00:00:00.40]   Starting:    PhaseA.Platform.Tests&#xD;
[xUnit.net 00:00:00.52]       System.IO.FileNotFoundException : Could not find file 'C:\Users\Administrator\AppData\Local\Temp\1\phase-s54-94ab61aca43e43908110e931e2bb4632\account-a\project-a\owned.txt'.&#xD;
[xUnit.net 00:00:00.52]       Stack Trace:&#xD;
[xUnit.net 00:00:00.52]            at Microsoft.Win32.SafeHandles.SafeFileHandle.CreateFile(String fullPath, FileMode mode, FileAccess access, FileShare share, FileOptions options)&#xD;
[xUnit.net 00:00:00.52]            at Microsoft.Win32.SafeHandles.SafeFileHandle.Open(String fullPath, FileMode mode, FileAccess access, FileShare share, FileOptions options, Int64 preallocationSize, Nullable`1 unixCreateMode)&#xD;
[xUnit.net 00:00:00.52]            at System.IO.Strategies.OSFileStreamStrategy..ctor(String path, FileMode mode, FileAccess access, FileShare share, FileOptions options, Int64 preallocationSize, Nullable`1 unixCreateMode)&#xD;
[xUnit.net 00:00:00.52]            at System.IO.Strategies.FileStreamHelpers.ChooseStrategyCore(String path, FileMode mode, FileAccess access, FileShare share, FileOptions options, Int64 preallocationSize, Nullable`1 unixCreateMode)&#xD;
[xUnit.net 00:00:00.52]            at System.IO.StreamReader.ValidateArgsAndOpenPath(String path, Encoding encoding, Int32 bufferSize)&#xD;
[xUnit.net 00:00:00.52]            at System.IO.File.ReadAllText(String path, Encoding encoding)&#xD;
[xUnit.net 00:00:00.52]         C:\jimuyun\PhaseA.Platform.Tests\PhaseB\Repair\S54BoundaryTests.cs(47,0): at PhaseA.Platform.Tests.PhaseB.Repair.S54BoundaryTests.O_C5E83411E41D()&#xD;
[xUnit.net 00:00:00.52]         --- End of stack trace from previous location ---&#xD;
[xUnit.net 00:00:00.61]       Assert.NotEqual() Failure: Values are equal&#xD;
[xUnit.net 00:00:00.61]       Expected: Not 0&#xD;
[xUnit.net 00:00:00.61]       Actual:       0&#xD;
[xUnit.net 00:00:00.61]       Stack Trace:&#xD;
[xUnit.net 00:00:00.61]         C:\jimuyun\PhaseA.Platform.Tests\PhaseB\Repair\S54BoundaryTests.cs(60,0): at PhaseA.Platform.Tests.PhaseB.Repair.S54BoundaryTests.O_824_ACCOUNT_ROOT_ENUMERATION()&#xD;
[xUnit.net 00:00:00.61]         --- End of stack trace from previous location ---&#xD;
[xUnit.net 00:00:00.74]   Finished:    PhaseA.Platform.Tests&#xD;
</StdOut>
    </Output>
    <RunInfos>
      <RunInfo computerName="IZ3H5BJSZD44YHZ" outcome="Error" timestamp="2026-09-18T23:49:34.3467497+08:00">
        <Text>[xUnit.net 00:00:00.52]     PhaseA.Platform.Tests.PhaseB.Repair.S54BoundaryTests.O_C5E83411E41D [FAIL]</Text>
      </RunInfo>
      <RunInfo computerName="IZ3H5BJSZD44YHZ" outcome="Error" timestamp="2026-09-18T23:49:34.4367240+08:00">
        <Text>[xUnit.net 00:00:00.61]     PhaseA.Platform.Tests.PhaseB.Repair.S54BoundaryTests.O_824_ACCOUNT_ROOT_ENUMERATION [FAIL]</Text>
      </RunInfo>
    </RunInfos>
  </ResultSummary>
</TestRun>