<?xml version="1.0" encoding="utf-8"?>
<TestRun id="f675468b-b24e-4e53-8885-6207784fce26" name="Administrator@IZ3H5BJSZD44YHZ 2026-09-18 23:42:15" runUser="IZ3H5BJSZD44YHZ\Administrator" xmlns="http://microsoft.com/schemas/VisualStudio/TeamTest/2010">
  <Times creation="2026-09-18T23:42:15.8529585+08:00" queuing="2026-09-18T23:42:15.8529588+08:00" start="2026-09-18T23:42:15.0810136+08:00" finish="2026-09-18T23:42:15.8604871+08:00" />
  <TestSettings name="default" id="bc038a95-30f1-4959-8059-b5c23ce256a9">
    <Deployment runDeploymentRoot="Administrator_IZ3H5BJSZD44YHZ_2026-09-18_23_42_15" />
  </TestSettings>
  <Results>
    <UnitTestResult executionId="f457531a-5cea-42b2-be81-9a72bc87a018" testId="d551a667-1af6-ef86-e08f-ed71d68f964c" testName="PhaseA.Platform.Tests.PhaseB.Repair.S54BoundaryTests.O_12F85445CCD2" computerName="IZ3H5BJSZD44YHZ" duration="00:00:00.0973958" startTime="2026-09-18T23:42:15.7645277+08:00" endTime="2026-09-18T23:42:15.7645424+08:00" testType="13cdc9d9-ddb5-4fa4-a97d-d965ccfc6d4b" outcome="Passed" testListId="8c84fa94-04c1-424b-9868-57a2d4851a1d" relativeResultsDirectory="f457531a-5cea-42b2-be81-9a72bc87a018">
      <Output>
        <StdOut>S54_OBSERVATION:os-denied:platform-binary:write=true</StdOut>
      </Output>
    </UnitTestResult>
  </Results>
  <TestDefinitions>
    <UnitTest name="PhaseA.Platform.Tests.PhaseB.Repair.S54BoundaryTests.O_12F85445CCD2" storage="c:\jimuyun\phasea.platform.tests\bin\debug\net8.0\phasea.platform.tests.dll" id="d551a667-1af6-ef86-e08f-ed71d68f964c">
      <Execution id="f457531a-5cea-42b2-be81-9a72bc87a018" />
      <TestMethod codeBase="C:\jimuyun\PhaseA.Platform.Tests\bin\Debug\net8.0\PhaseA.Platform.Tests.dll" adapterTypeName="executor://xunit/VsTestRunner2/netcoreapp" className="PhaseA.Platform.Tests.PhaseB.Repair.S54BoundaryTests" name="O_12F85445CCD2" />
    </UnitTest>
  </TestDefinitions>
  <TestEntries>
    <TestEntry testId="d551a667-1af6-ef86-e08f-ed71d68f964c" executionId="f457531a-5cea-42b2-be81-9a72bc87a018" testListId="8c84fa94-04c1-424b-9868-57a2d4851a1d" />
  </TestEntries>
  <TestLists>
    <TestList name="列表中未列出的结果" id="8c84fa94-04c1-424b-9868-57a2d4851a1d" />
    <TestList name="所有已加载的结果" id="19431567-8539-422a-85d7-44ee4e166bda" />
  </TestLists>
  <ResultSummary outcome="Completed">
    <Counters total="1" executed="1" passed="1" failed="0" error="0" timeout="0" aborted="0" inconclusive="0" passedButRunAborted="0" notRunnable="0" notExecuted="0" disconnected="0" warning="0" completed="0" inProgress="0" pending="0" />
    <Output>
      <StdOut>[xUnit.net 00:00:00.00] xUnit.net VSTest Adapter v2.5.7+8f2703126a (64-bit .NET 8.0.21)&#xD;
[xUnit.net 00:00:00.09]   Discovering: PhaseA.Platform.Tests&#xD;
[xUnit.net 00:00:00.23]   Discovered:  PhaseA.Platform.Tests&#xD;
[xUnit.net 00:00:00.23]   Starting:    PhaseA.Platform.Tests&#xD;
[xUnit.net 00:00:00.36]   Finished:    PhaseA.Platform.Tests&#xD;
</StdOut>
    </Output>
  </ResultSummary>
</TestRun>